export/q3_1单品每日批发售价销量损耗率汇总.csv
日期,单品名称,批发价格(元/千克)_否,销售单价(元/千克)_否,销量(千克)_否,损耗率(%)_否
2020-09-18,双孢菇,14.74,25.8,2.547,12.78
2020-09-22,双孢菇,14.7,25.8,1.83,12.78
2020-09-23,双孢菇,14.68,25.8,0.6930000000000001,12.78
2020-09-24,双孢菇,0.0,0.0,0.0,0.0
2020-09-25,双孢菇,14.13,25.8,2.0540000000000003,12.78
2020-09-26,双孢菇,14.62,25.8,1.101,12.78
2020-09-27,双孢菇,14.65,25.8,2.653,12.78
2020-10-20,双孢菇,17.9,25.8,2.276,12.78
2020-12-05,双孢菇,10.89,16.0,2.71,12.78
2020-12-06,双孢菇,11.02,16.0,3.473,12.78
2020-12-07,双孢菇,10.88,16.0,1.764,12.78
2020-12-08,双孢菇,10.96,16.0,3.379,12.78
2020-12-09,双孢菇,10.94,15.25,3.426,12.78
2020-12-10,双孢菇,10.770000000000001,16.0,1.709,12.78
2020-12-11,双孢菇,10.74,16.0,2.504,12.78
2020-12-12,双孢菇,11.3,16.0,5.12,12.78
2020-12-13,双孢菇,10.61,16.0,5.395,12.78
2020-12-14,双孢菇,10.61,16.0,3.524,12.78
2020-12-15,双孢菇,10.61,16.0,2.435,12.78
2020-12-18,双孢菇,10.63,16.0,1.102,12.78
2020-12-19,双孢菇,11.35,16.0,2.466,12.78
2020-12-20,双孢菇,12.37,18.0,1.503,12.78
2020-12-21,双孢菇,12.37,18.0,1.797,12.78
2020-12-22,双孢菇,13.22,18.0,1.625,12.78
2020-12-23,双孢菇,13.24,14.210526315789474,4.076,12.78
2020-12-24,双孢菇,13.18,18.0,1.33,12.78
2020-12-25,双孢菇,13.169999999999998,18.0,2.615,12.78
2020-12-26,双孢菇,13.17,19.8,1.651,12.78
2020-12-27,双孢菇,13.139999999999999,19.800000000000004,3.263,12.78
2020-12-28,双孢菇,13.24,19.8,1.83,12.78
2020-12-29,双孢菇,13.289999999999997,19.8,3.101,12.78
2020-12-30,双孢菇,13.27,19.8,2.07,12.78
2020-12-31,双孢菇,13.23,19.8,2.16,12.78
2021-01-01,双孢菇,13.22,19.8,3.127,12.78
2021-01-02,双孢菇,13.179999999999998,19.8,2.153,12.78
2021-01-03,双孢菇,13.25,19.8,2.097,12.78
2021-01-04,双孢菇,13.16,19.8,2.738,12.78
2021-01-05,双孢菇,13.37,19.8,2.268,12.78
2021-01-06,双孢菇,13.25,19.8,2.274,12.78
2021-01-07,双孢菇,13.77,19.8,1.7530000000000001,12.78
2021-01-10,双孢菇,13.559999999999999,19.8,2.984,12.78
2021-01-11,双孢菇,13.33,19.8,0.273,12.78
2021-01-17,双孢菇,13.28,19.8,2.818,12.78
2021-01-18,双孢菇,13.49,19.8,3.152,12.78
2021-01-22,双孢菇,13.49,19.8,2.174,12.78
2021-01-23,双孢菇,13.449999999999998,19.8,0.768,12.78
2021-01-26,双孢菇,13.3,19.8,1.899,12.78
2021-01-28,双孢菇,13.31,19.8,1.864,12.78
2021-01-29,双孢菇,13.339999999999998,19.8,0.984,12.78
2021-01-30,双孢菇,13.3,19.8,3.285,12.78
2021-01-31,双孢菇,13.29,19.800000000000004,3.188,12.78
2021-02-01,双孢菇,13.41,19.8,1.461,12.78
2021-02-03,双孢菇,13.37,19.8,1.7229999999999999,12.78
2021-02-04,双孢菇,13.33,19.8,2.628,12.78
2021-02-07,双孢菇,13.83,21.8,2.6950000000000003,12.78
2020-12-18,洪湖莲藕(粉藕),7.5,9.9,17.0,11.81
2020-12-19,洪湖莲藕(粉藕),7.5,9.9,29.0,11.81
2020-12-20,洪湖莲藕(粉藕),7.5,9.9,14.0,11.81
2020-12-21,洪湖莲藕(粉藕),7.5,9.9,2.0,11.81
2020-12-25,洪湖莲藕(粉藕),7.5,9.9,18.0,11.81
2020-12-26,洪湖莲藕(粉藕),7.5,9.9,27.0,11.81
2020-12-27,洪湖莲藕(粉藕),7.5,9.9,15.0,11.81
2020-12-28,洪湖莲藕(粉藕),7.5,9.9,10.0,11.81
2020-12-29,洪湖莲藕(粉藕),7.5,9.9,10.0,11.81
2020-12-30,洪湖莲藕(粉藕),7.5,9.9,18.0,11.81
2020-12-31,洪湖莲藕(粉藕),7.5,9.9,8.0,11.81
2021-01-01,洪湖莲藕(粉藕),7.5,9.9,3.0,11.81
2021-01-02,洪湖莲藕(粉藕),7.5,9.9,24.0,11.81
2021-01-03,洪湖莲藕(粉藕),7.5,9.9,9.0,11.81
2021-01-04,洪湖莲藕(粉藕),7.5,9.9,25.0,11.81
2021-01-05,洪湖莲藕(粉藕),7.5,9.900000000000002,26.0,11.81
2021-01-06,洪湖莲藕(粉藕),7.5,9.9,11.0,11.81
2021-01-07,洪湖莲藕(粉藕),7.5,9.9,14.0,11.81
2021-01-08,洪湖莲藕(粉藕),7.58,9.9,18.0,11.81
2021-01-09,洪湖莲藕(粉藕),7.62,9.9,38.0,11.81
2021-01-10,洪湖莲藕(粉藕),7.62,9.900000000000002,26.0,11.81
2021-01-11,洪湖莲藕(粉藕),7.62,9.900000000000002,13.0,11.81
2021-01-12,洪湖莲藕(粉藕),7.62,9.900000000000002,13.0,11.81
2021-01-13,洪湖莲藕(粉藕),7.62,9.9,9.0,11.81
2021-01-14,洪湖莲藕(粉藕),7.62,9.9,15.0,11.81
2021-01-15,洪湖莲藕(粉藕),7.62,9.900000000000002,13.0,11.81
2021-01-16,洪湖莲藕(粉藕),7.62,9.9,28.0,11.81
2021-01-17,洪湖莲藕(粉藕),7.54,9.9,30.0,11.81
2021-01-18,洪湖莲藕(粉藕),7.5,9.9,14.0,11.81
2021-01-19,洪湖莲藕(粉藕),7.5,9.9,10.0,11.81
2021-01-20,洪湖莲藕(粉藕),7.5,9.9,11.0,11.81
2021-01-21,洪湖莲藕(粉藕),7.5,9.9,12.0,11.81
2021-01-22,洪湖莲藕(粉藕),7.5,9.9,15.0,11.81
2021-01-23,洪湖莲藕(粉藕),7.5,9.9,28.0,11.81
2021-01-24,洪湖莲藕(粉藕),7.5,9.9,39.0,11.81
2021-01-25,洪湖莲藕(粉藕),7.5,9.9,39.0,11.81
2021-01-26,洪湖莲藕(粉藕),7.5,9.900000000000002,13.0,11.81
2021-01-27,洪湖莲藕(粉藕),7.5,9.9,12.0,11.81
2021-01-28,洪湖莲藕(粉藕),7.5,9.9,15.0,11.81
2021-01-29,洪湖莲藕(粉藕),7.5,9.9,11.0,11.81
2021-01-30,洪湖莲藕(粉藕),7.5,9.9,6.0,11.81
2021-01-31,洪湖莲藕(粉藕),7.559999999999999,9.9,9.0,11.81
2021-02-01,洪湖莲藕(粉藕),7.57,9.9,20.0,11.81
2021-02-02,洪湖莲藕(粉藕),8.27,9.9,9.0,11.81
2021-02-03,洪湖莲藕(粉藕),8.5,9.9,7.0,11.81
2021-02-04,洪湖莲藕(粉藕),8.5,9.9,14.0,11.81
2021-02-05,洪湖莲藕(粉藕),8.5,12.9,12.0,11.81
2021-02-06,洪湖莲藕(粉藕),8.59,12.9,14.0,11.81
2021-02-07,洪湖莲藕(粉藕),8.64,12.9,53.0,11.81
2021-02-08,洪湖莲藕(粉藕),8.65,12.9,50.0,11.81
